------------------------------------------------------------
TimeQuest Timing Analyzer Summary
------------------------------------------------------------

Type  : Slow Model Setup 'rst_on'
Slack : -4.259
TNS   : -14.898

Type  : Slow Model Setup 'reset'
Slack : -3.868
TNS   : -15.259

Type  : Slow Model Setup 'clk'
Slack : -2.214
TNS   : -15.310

Type  : Slow Model Hold 'clk'
Slack : 0.207
TNS   : 0.000

Type  : Slow Model Hold 'rst_on'
Slack : 0.416
TNS   : 0.000

Type  : Slow Model Hold 'reset'
Slack : 0.811
TNS   : 0.000

Type  : Slow Model Recovery 'clk'
Slack : -0.208
TNS   : -1.580

Type  : Slow Model Removal 'clk'
Slack : 0.407
TNS   : 0.000

Type  : Slow Model Minimum Pulse Width 'clk'
Slack : -1.941
TNS   : -13.813

Type  : Slow Model Minimum Pulse Width 'reset'
Slack : -1.941
TNS   : -1.941

Type  : Slow Model Minimum Pulse Width 'rst_on'
Slack : -1.941
TNS   : -1.941

Type  : Fast Model Setup 'rst_on'
Slack : -0.985
TNS   : -3.387

Type  : Fast Model Setup 'reset'
Slack : -0.915
TNS   : -3.597

Type  : Fast Model Setup 'clk'
Slack : -0.169
TNS   : -0.521

Type  : Fast Model Hold 'clk'
Slack : -0.555
TNS   : -4.157

Type  : Fast Model Hold 'rst_on'
Slack : -0.334
TNS   : -0.876

Type  : Fast Model Hold 'reset'
Slack : -0.194
TNS   : -0.535

Type  : Fast Model Recovery 'clk'
Slack : 0.255
TNS   : 0.000

Type  : Fast Model Removal 'clk'
Slack : 0.110
TNS   : 0.000

Type  : Fast Model Minimum Pulse Width 'clk'
Slack : -1.380
TNS   : -9.380

Type  : Fast Model Minimum Pulse Width 'reset'
Slack : -1.380
TNS   : -1.380

Type  : Fast Model Minimum Pulse Width 'rst_on'
Slack : -1.380
TNS   : -1.380

------------------------------------------------------------
