TimeQuest Timing Analyzer report for downcounter2
Thu Jan 27 16:48:51 2022
Quartus II 64-Bit Version 13.0.1 Build 232 06/12/2013 Service Pack 1 SJ Web Edition


---------------------
; Table of Contents ;
---------------------
  1. Legal Notice
  2. TimeQuest Timing Analyzer Summary
  3. Parallel Compilation
  4. Clocks
  5. Slow Model Fmax Summary
  6. Slow Model Setup Summary
  7. Slow Model Hold Summary
  8. Slow Model Recovery Summary
  9. Slow Model Removal Summary
 10. Slow Model Minimum Pulse Width Summary
 11. Slow Model Setup: 'areset'
 12. Slow Model Setup: 'clk'
 13. Slow Model Hold: 'clk'
 14. Slow Model Hold: 'areset'
 15. Slow Model Recovery: 'clk'
 16. Slow Model Removal: 'clk'
 17. Slow Model Minimum Pulse Width: 'clk'
 18. Slow Model Minimum Pulse Width: 'areset'
 19. Setup Times
 20. Hold Times
 21. Clock to Output Times
 22. Minimum Clock to Output Times
 23. Propagation Delay
 24. Minimum Propagation Delay
 25. Fast Model Setup Summary
 26. Fast Model Hold Summary
 27. Fast Model Recovery Summary
 28. Fast Model Removal Summary
 29. Fast Model Minimum Pulse Width Summary
 30. Fast Model Setup: 'areset'
 31. Fast Model Setup: 'clk'
 32. Fast Model Hold: 'clk'
 33. Fast Model Hold: 'areset'
 34. Fast Model Recovery: 'clk'
 35. Fast Model Removal: 'clk'
 36. Fast Model Minimum Pulse Width: 'clk'
 37. Fast Model Minimum Pulse Width: 'areset'
 38. Setup Times
 39. Hold Times
 40. Clock to Output Times
 41. Minimum Clock to Output Times
 42. Propagation Delay
 43. Minimum Propagation Delay
 44. Multicorner Timing Analysis Summary
 45. Setup Times
 46. Hold Times
 47. Clock to Output Times
 48. Minimum Clock to Output Times
 49. Progagation Delay
 50. Minimum Progagation Delay
 51. Setup Transfers
 52. Hold Transfers
 53. Recovery Transfers
 54. Removal Transfers
 55. Report TCCS
 56. Report RSKM
 57. Unconstrained Paths
 58. TimeQuest Timing Analyzer Messages



----------------
; Legal Notice ;
----------------
Copyright (C) 1991-2013 Altera Corporation
Your use of Altera Corporation's design tools, logic functions 
and other software and tools, and its AMPP partner logic 
functions, and any output files from any of the foregoing 
(including device programming or simulation files), and any 
associated documentation or information are expressly subject 
to the terms and conditions of the Altera Program License 
Subscription Agreement, Altera MegaCore Function License 
Agreement, or other applicable license agreement, including, 
without limitation, that your use is for the sole purpose of 
programming logic devices manufactured by Altera and sold by 
Altera or its authorized distributors.  Please refer to the 
applicable agreement for further details.



+----------------------------------------------------------------------------------------+
; TimeQuest Timing Analyzer Summary                                                      ;
+--------------------+-------------------------------------------------------------------+
; Quartus II Version ; Version 13.0.1 Build 232 06/12/2013 Service Pack 1 SJ Web Edition ;
; Revision Name      ; downcounter2                                                      ;
; Device Family      ; Cyclone II                                                        ;
; Device Name        ; EP2C70F896I8                                                      ;
; Timing Models      ; Final                                                             ;
; Delay Model        ; Combined                                                          ;
; Rise/Fall Delays   ; Unavailable                                                       ;
+--------------------+-------------------------------------------------------------------+


Parallel compilation was disabled, but you have multiple processors available. Enable parallel compilation to reduce compilation time.
+-------------------------------------+
; Parallel Compilation                ;
+----------------------------+--------+
; Processors                 ; Number ;
+----------------------------+--------+
; Number detected on machine ; 4      ;
; Maximum allowed            ; 1      ;
+----------------------------+--------+


+------------------------------------------------------------------------------------------------------------------------------------------------------------------------------------+
; Clocks                                                                                                                                                                             ;
+------------+------+--------+------------+-------+-------+------------+-----------+-------------+-------+--------+-----------+------------+----------+--------+--------+------------+
; Clock Name ; Type ; Period ; Frequency  ; Rise  ; Fall  ; Duty Cycle ; Divide by ; Multiply by ; Phase ; Offset ; Edge List ; Edge Shift ; Inverted ; Master ; Source ; Targets    ;
+------------+------+--------+------------+-------+-------+------------+-----------+-------------+-------+--------+-----------+------------+----------+--------+--------+------------+
; areset     ; Base ; 1.000  ; 1000.0 MHz ; 0.000 ; 0.500 ;            ;           ;             ;       ;        ;           ;            ;          ;        ;        ; { areset } ;
; clk        ; Base ; 1.000  ; 1000.0 MHz ; 0.000 ; 0.500 ;            ;           ;             ;       ;        ;           ;            ;          ;        ;        ; { clk }    ;
+------------+------+--------+------------+-------+-------+------------+-----------+-------------+-------+--------+-----------+------------+----------+--------+--------+------------+


+-----------------------------------------------------------------------------------------------------------+
; Slow Model Fmax Summary                                                                                   ;
+------------+-----------------+------------+---------------------------------------------------------------+
; Fmax       ; Restricted Fmax ; Clock Name ; Note                                                          ;
+------------+-----------------+------------+---------------------------------------------------------------+
; 220.75 MHz ; 220.75 MHz      ; areset     ;                                                               ;
; 345.66 MHz ; 340.02 MHz      ; clk        ; limit due to minimum period restriction (max I/O toggle rate) ;
+------------+-----------------+------------+---------------------------------------------------------------+
This panel reports FMAX for every clock in the design, regardless of the user-specified clock periods.  FMAX is only computed for paths where the source and destination registers or ports are driven by the same clock.  Paths of different clocks, including generated clocks, are ignored.  For paths between a clock and its inversion, FMAX is computed as if the rising and falling edges are scaled along with FMAX, such that the duty cycle (in terms of a percentage) is maintained. Altera recommends that you always use clock constraints and other slack reports for sign-off analysis.


+---------------------------------+
; Slow Model Setup Summary        ;
+--------+--------+---------------+
; Clock  ; Slack  ; End Point TNS ;
+--------+--------+---------------+
; areset ; -3.672 ; -13.457       ;
; clk    ; -2.213 ; -7.507        ;
+--------+--------+---------------+


+--------------------------------+
; Slow Model Hold Summary        ;
+--------+-------+---------------+
; Clock  ; Slack ; End Point TNS ;
+--------+-------+---------------+
; clk    ; 0.078 ; 0.000         ;
; areset ; 0.177 ; 0.000         ;
+--------+-------+---------------+


+--------------------------------+
; Slow Model Recovery Summary    ;
+-------+--------+---------------+
; Clock ; Slack  ; End Point TNS ;
+-------+--------+---------------+
; clk   ; -0.202 ; -0.788        ;
+-------+--------+---------------+


+-------------------------------+
; Slow Model Removal Summary    ;
+-------+-------+---------------+
; Clock ; Slack ; End Point TNS ;
+-------+-------+---------------+
; clk   ; 0.416 ; 0.000         ;
+-------+-------+---------------+


+----------------------------------------+
; Slow Model Minimum Pulse Width Summary ;
+--------+--------+----------------------+
; Clock  ; Slack  ; End Point TNS        ;
+--------+--------+----------------------+
; clk    ; -1.941 ; -7.877               ;
; areset ; -1.941 ; -1.941               ;
+--------+--------+----------------------+


+-------------------------------------------------------------------------------------------------------------+
; Slow Model Setup: 'areset'                                                                                  ;
+--------+--------------------+---------+--------------+-------------+--------------+------------+------------+
; Slack  ; From Node          ; To Node ; Launch Clock ; Latch Clock ; Relationship ; Clock Skew ; Data Delay ;
+--------+--------------------+---------+--------------+-------------+--------------+------------+------------+
; -3.672 ; q[2]~reg0_emulated ; q[2]~9  ; clk          ; areset      ; 0.500        ; 0.220      ; 3.022      ;
; -3.574 ; q[0]~reg0_emulated ; q[0]~1  ; clk          ; areset      ; 0.500        ; 0.204      ; 2.912      ;
; -3.163 ; q[3]~reg0_emulated ; q[3]~13 ; clk          ; areset      ; 0.500        ; 0.222      ; 2.456      ;
; -3.048 ; q[1]~reg0_emulated ; q[1]~5  ; clk          ; areset      ; 0.500        ; 0.223      ; 2.344      ;
; -2.843 ; q[2]~9             ; q[2]~9  ; areset       ; areset      ; 1.000        ; 0.000      ; 2.473      ;
; -2.746 ; q[0]~1             ; q[0]~1  ; areset       ; areset      ; 1.000        ; 0.000      ; 2.380      ;
; -2.707 ; q[3]~13            ; q[3]~13 ; areset       ; areset      ; 1.000        ; 0.000      ; 2.278      ;
; -2.604 ; q[1]~5             ; q[1]~5  ; areset       ; areset      ; 1.000        ; 0.000      ; 2.177      ;
; -1.765 ; areset             ; q[0]~1  ; areset       ; areset      ; 0.500        ; 3.536      ; 4.435      ;
; -1.533 ; areset             ; q[2]~9  ; areset       ; areset      ; 0.500        ; 3.548      ; 4.211      ;
; -1.265 ; areset             ; q[0]~1  ; areset       ; areset      ; 1.000        ; 3.536      ; 4.435      ;
; -1.209 ; areset             ; q[3]~13 ; areset       ; areset      ; 0.500        ; 3.550      ; 3.830      ;
; -1.104 ; areset             ; q[1]~5  ; areset       ; areset      ; 0.500        ; 3.551      ; 3.728      ;
; -1.033 ; areset             ; q[2]~9  ; areset       ; areset      ; 1.000        ; 3.548      ; 4.211      ;
; -0.709 ; areset             ; q[3]~13 ; areset       ; areset      ; 1.000        ; 3.550      ; 3.830      ;
; -0.604 ; areset             ; q[1]~5  ; areset       ; areset      ; 1.000        ; 3.551      ; 3.728      ;
+--------+--------------------+---------+--------------+-------------+--------------+------------+------------+


+------------------------------------------------------------------------------------------------------------------------+
; Slow Model Setup: 'clk'                                                                                                ;
+--------+--------------------+--------------------+--------------+-------------+--------------+------------+------------+
; Slack  ; From Node          ; To Node            ; Launch Clock ; Latch Clock ; Relationship ; Clock Skew ; Data Delay ;
+--------+--------------------+--------------------+--------------+-------------+--------------+------------+------------+
; -2.213 ; q[3]~13            ; q[2]~reg0_emulated ; areset       ; clk         ; 0.500        ; -0.222     ; 2.531      ;
; -2.064 ; q[2]~9             ; q[2]~reg0_emulated ; areset       ; clk         ; 0.500        ; -0.220     ; 2.384      ;
; -2.059 ; q[1]~5             ; q[2]~reg0_emulated ; areset       ; clk         ; 0.500        ; -0.223     ; 2.376      ;
; -1.895 ; q[0]~1             ; q[2]~reg0_emulated ; areset       ; clk         ; 0.500        ; -0.208     ; 2.227      ;
; -1.893 ; q[2]~reg0_emulated ; q[2]~reg0_emulated ; clk          ; clk         ; 1.000        ; 0.000      ; 2.933      ;
; -1.854 ; q[1]~5             ; q[1]~reg0_emulated ; areset       ; clk         ; 0.500        ; -0.223     ; 2.171      ;
; -1.853 ; q[1]~5             ; q[3]~reg0_emulated ; areset       ; clk         ; 0.500        ; -0.223     ; 2.170      ;
; -1.842 ; q[3]~13            ; q[3]~reg0_emulated ; areset       ; clk         ; 0.500        ; -0.222     ; 2.160      ;
; -1.723 ; q[0]~reg0_emulated ; q[2]~reg0_emulated ; clk          ; clk         ; 1.000        ; -0.004     ; 2.759      ;
; -1.698 ; q[2]~9             ; q[3]~reg0_emulated ; areset       ; clk         ; 0.500        ; -0.220     ; 2.018      ;
; -1.669 ; q[3]~reg0_emulated ; q[2]~reg0_emulated ; clk          ; clk         ; 1.000        ; 0.000      ; 2.709      ;
; -1.587 ; q[0]~1             ; q[0]~reg0_emulated ; areset       ; clk         ; 0.500        ; -0.204     ; 1.923      ;
; -1.527 ; q[2]~reg0_emulated ; q[3]~reg0_emulated ; clk          ; clk         ; 1.000        ; 0.000      ; 2.567      ;
; -1.503 ; q[1]~reg0_emulated ; q[2]~reg0_emulated ; clk          ; clk         ; 1.000        ; 0.000      ; 2.543      ;
; -1.415 ; q[0]~reg0_emulated ; q[0]~reg0_emulated ; clk          ; clk         ; 1.000        ; 0.000      ; 2.455      ;
; -1.298 ; q[1]~reg0_emulated ; q[1]~reg0_emulated ; clk          ; clk         ; 1.000        ; 0.000      ; 2.338      ;
; -1.298 ; q[3]~reg0_emulated ; q[3]~reg0_emulated ; clk          ; clk         ; 1.000        ; 0.000      ; 2.338      ;
; -1.297 ; q[1]~reg0_emulated ; q[3]~reg0_emulated ; clk          ; clk         ; 1.000        ; 0.000      ; 2.337      ;
; -0.414 ; areset             ; q[2]~reg0_emulated ; areset       ; clk         ; 0.500        ; 3.328      ; 4.282      ;
; -0.106 ; areset             ; q[0]~reg0_emulated ; areset       ; clk         ; 0.500        ; 3.332      ; 3.978      ;
; 0.086  ; areset             ; q[2]~reg0_emulated ; areset       ; clk         ; 1.000        ; 3.328      ; 4.282      ;
; 0.112  ; areset             ; q[3]~reg0_emulated ; areset       ; clk         ; 0.500        ; 3.328      ; 3.756      ;
; 0.146  ; areset             ; q[1]~reg0_emulated ; areset       ; clk         ; 0.500        ; 3.328      ; 3.722      ;
; 0.394  ; areset             ; q[0]~reg0_emulated ; areset       ; clk         ; 1.000        ; 3.332      ; 3.978      ;
; 0.612  ; areset             ; q[3]~reg0_emulated ; areset       ; clk         ; 1.000        ; 3.328      ; 3.756      ;
; 0.646  ; areset             ; q[1]~reg0_emulated ; areset       ; clk         ; 1.000        ; 3.328      ; 3.722      ;
+--------+--------------------+--------------------+--------------+-------------+--------------+------------+------------+


+-----------------------------------------------------------------------------------------------------------------------+
; Slow Model Hold: 'clk'                                                                                                ;
+-------+--------------------+--------------------+--------------+-------------+--------------+------------+------------+
; Slack ; From Node          ; To Node            ; Launch Clock ; Latch Clock ; Relationship ; Clock Skew ; Data Delay ;
+-------+--------------------+--------------------+--------------+-------------+--------------+------------+------------+
; 0.078 ; areset             ; q[3]~reg0_emulated ; areset       ; clk         ; 0.000        ; 3.328      ; 3.712      ;
; 0.088 ; areset             ; q[1]~reg0_emulated ; areset       ; clk         ; 0.000        ; 3.328      ; 3.722      ;
; 0.095 ; areset             ; q[2]~reg0_emulated ; areset       ; clk         ; 0.000        ; 3.328      ; 3.729      ;
; 0.340 ; areset             ; q[0]~reg0_emulated ; areset       ; clk         ; 0.000        ; 3.332      ; 3.978      ;
; 0.578 ; areset             ; q[3]~reg0_emulated ; areset       ; clk         ; -0.500       ; 3.328      ; 3.712      ;
; 0.588 ; areset             ; q[1]~reg0_emulated ; areset       ; clk         ; -0.500       ; 3.328      ; 3.722      ;
; 0.595 ; areset             ; q[2]~reg0_emulated ; areset       ; clk         ; -0.500       ; 3.328      ; 3.729      ;
; 0.840 ; areset             ; q[0]~reg0_emulated ; areset       ; clk         ; -0.500       ; 3.332      ; 3.978      ;
; 1.109 ; q[2]~9             ; q[2]~reg0_emulated ; areset       ; clk         ; -0.500       ; -0.220     ; 0.695      ;
; 1.562 ; q[0]~1             ; q[0]~reg0_emulated ; areset       ; clk         ; -0.500       ; -0.204     ; 1.164      ;
; 1.796 ; q[1]~5             ; q[1]~reg0_emulated ; areset       ; clk         ; -0.500       ; -0.223     ; 1.379      ;
; 2.031 ; q[1]~reg0_emulated ; q[3]~reg0_emulated ; clk          ; clk         ; 0.000        ; 0.000      ; 2.337      ;
; 2.032 ; q[1]~reg0_emulated ; q[1]~reg0_emulated ; clk          ; clk         ; 0.000        ; 0.000      ; 2.338      ;
; 2.032 ; q[3]~reg0_emulated ; q[3]~reg0_emulated ; clk          ; clk         ; 0.000        ; 0.000      ; 2.338      ;
; 2.039 ; q[1]~reg0_emulated ; q[2]~reg0_emulated ; clk          ; clk         ; 0.000        ; 0.000      ; 2.345      ;
; 2.149 ; q[0]~reg0_emulated ; q[0]~reg0_emulated ; clk          ; clk         ; 0.000        ; 0.000      ; 2.455      ;
; 2.155 ; q[3]~13            ; q[3]~reg0_emulated ; areset       ; clk         ; -0.500       ; -0.222     ; 1.739      ;
; 2.247 ; q[2]~reg0_emulated ; q[2]~reg0_emulated ; clk          ; clk         ; 0.000        ; 0.000      ; 2.553      ;
; 2.261 ; q[2]~reg0_emulated ; q[3]~reg0_emulated ; clk          ; clk         ; 0.000        ; 0.000      ; 2.567      ;
; 2.403 ; q[3]~reg0_emulated ; q[2]~reg0_emulated ; clk          ; clk         ; 0.000        ; 0.000      ; 2.709      ;
; 2.432 ; q[2]~9             ; q[3]~reg0_emulated ; areset       ; clk         ; -0.500       ; -0.220     ; 2.018      ;
; 2.457 ; q[0]~reg0_emulated ; q[2]~reg0_emulated ; clk          ; clk         ; 0.000        ; -0.004     ; 2.759      ;
; 2.587 ; q[1]~5             ; q[3]~reg0_emulated ; areset       ; clk         ; -0.500       ; -0.223     ; 2.170      ;
; 2.595 ; q[1]~5             ; q[2]~reg0_emulated ; areset       ; clk         ; -0.500       ; -0.223     ; 2.178      ;
; 2.629 ; q[0]~1             ; q[2]~reg0_emulated ; areset       ; clk         ; -0.500       ; -0.208     ; 2.227      ;
; 2.947 ; q[3]~13            ; q[2]~reg0_emulated ; areset       ; clk         ; -0.500       ; -0.222     ; 2.531      ;
+-------+--------------------+--------------------+--------------+-------------+--------------+------------+------------+


+------------------------------------------------------------------------------------------------------------+
; Slow Model Hold: 'areset'                                                                                  ;
+-------+--------------------+---------+--------------+-------------+--------------+------------+------------+
; Slack ; From Node          ; To Node ; Launch Clock ; Latch Clock ; Relationship ; Clock Skew ; Data Delay ;
+-------+--------------------+---------+--------------+-------------+--------------+------------+------------+
; 0.177 ; areset             ; q[1]~5  ; areset       ; areset      ; 0.000        ; 3.551      ; 3.728      ;
; 0.280 ; areset             ; q[3]~13 ; areset       ; areset      ; 0.000        ; 3.550      ; 3.830      ;
; 0.663 ; areset             ; q[2]~9  ; areset       ; areset      ; 0.000        ; 3.548      ; 4.211      ;
; 0.677 ; areset             ; q[1]~5  ; areset       ; areset      ; -0.500       ; 3.551      ; 3.728      ;
; 0.780 ; areset             ; q[3]~13 ; areset       ; areset      ; -0.500       ; 3.550      ; 3.830      ;
; 0.899 ; areset             ; q[0]~1  ; areset       ; areset      ; 0.000        ; 3.536      ; 4.435      ;
; 1.163 ; areset             ; q[2]~9  ; areset       ; areset      ; -0.500       ; 3.548      ; 4.211      ;
; 1.399 ; areset             ; q[0]~1  ; areset       ; areset      ; -0.500       ; 3.536      ; 4.435      ;
; 2.177 ; q[1]~5             ; q[1]~5  ; areset       ; areset      ; 0.000        ; 0.000      ; 2.177      ;
; 2.278 ; q[3]~13            ; q[3]~13 ; areset       ; areset      ; 0.000        ; 0.000      ; 2.278      ;
; 2.380 ; q[0]~1             ; q[0]~1  ; areset       ; areset      ; 0.000        ; 0.000      ; 2.380      ;
; 2.473 ; q[2]~9             ; q[2]~9  ; areset       ; areset      ; 0.000        ; 0.000      ; 2.473      ;
; 2.621 ; q[1]~reg0_emulated ; q[1]~5  ; clk          ; areset      ; -0.500       ; 0.223      ; 2.344      ;
; 2.734 ; q[3]~reg0_emulated ; q[3]~13 ; clk          ; areset      ; -0.500       ; 0.222      ; 2.456      ;
; 3.208 ; q[0]~reg0_emulated ; q[0]~1  ; clk          ; areset      ; -0.500       ; 0.204      ; 2.912      ;
; 3.302 ; q[2]~reg0_emulated ; q[2]~9  ; clk          ; areset      ; -0.500       ; 0.220      ; 3.022      ;
+-------+--------------------+---------+--------------+-------------+--------------+------------+------------+


+---------------------------------------------------------------------------------------------------------------+
; Slow Model Recovery: 'clk'                                                                                    ;
+--------+-----------+--------------------+--------------+-------------+--------------+------------+------------+
; Slack  ; From Node ; To Node            ; Launch Clock ; Latch Clock ; Relationship ; Clock Skew ; Data Delay ;
+--------+-----------+--------------------+--------------+-------------+--------------+------------+------------+
; -0.202 ; areset    ; q[1]~reg0_emulated ; areset       ; clk         ; 0.500        ; 3.328      ; 4.070      ;
; -0.202 ; areset    ; q[3]~reg0_emulated ; areset       ; clk         ; 0.500        ; 3.328      ; 4.070      ;
; -0.202 ; areset    ; q[2]~reg0_emulated ; areset       ; clk         ; 0.500        ; 3.328      ; 4.070      ;
; -0.182 ; areset    ; q[0]~reg0_emulated ; areset       ; clk         ; 0.500        ; 3.332      ; 4.054      ;
; 0.298  ; areset    ; q[1]~reg0_emulated ; areset       ; clk         ; 1.000        ; 3.328      ; 4.070      ;
; 0.298  ; areset    ; q[3]~reg0_emulated ; areset       ; clk         ; 1.000        ; 3.328      ; 4.070      ;
; 0.298  ; areset    ; q[2]~reg0_emulated ; areset       ; clk         ; 1.000        ; 3.328      ; 4.070      ;
; 0.318  ; areset    ; q[0]~reg0_emulated ; areset       ; clk         ; 1.000        ; 3.332      ; 4.054      ;
+--------+-----------+--------------------+--------------+-------------+--------------+------------+------------+


+--------------------------------------------------------------------------------------------------------------+
; Slow Model Removal: 'clk'                                                                                    ;
+-------+-----------+--------------------+--------------+-------------+--------------+------------+------------+
; Slack ; From Node ; To Node            ; Launch Clock ; Latch Clock ; Relationship ; Clock Skew ; Data Delay ;
+-------+-----------+--------------------+--------------+-------------+--------------+------------+------------+
; 0.416 ; areset    ; q[0]~reg0_emulated ; areset       ; clk         ; 0.000        ; 3.332      ; 4.054      ;
; 0.436 ; areset    ; q[1]~reg0_emulated ; areset       ; clk         ; 0.000        ; 3.328      ; 4.070      ;
; 0.436 ; areset    ; q[3]~reg0_emulated ; areset       ; clk         ; 0.000        ; 3.328      ; 4.070      ;
; 0.436 ; areset    ; q[2]~reg0_emulated ; areset       ; clk         ; 0.000        ; 3.328      ; 4.070      ;
; 0.916 ; areset    ; q[0]~reg0_emulated ; areset       ; clk         ; -0.500       ; 3.332      ; 4.054      ;
; 0.936 ; areset    ; q[1]~reg0_emulated ; areset       ; clk         ; -0.500       ; 3.328      ; 4.070      ;
; 0.936 ; areset    ; q[3]~reg0_emulated ; areset       ; clk         ; -0.500       ; 3.328      ; 4.070      ;
; 0.936 ; areset    ; q[2]~reg0_emulated ; areset       ; clk         ; -0.500       ; 3.328      ; 4.070      ;
+-------+-----------+--------------------+--------------+-------------+--------------+------------+------------+


+---------------------------------------------------------------------------------------------------------+
; Slow Model Minimum Pulse Width: 'clk'                                                                   ;
+--------+--------------+----------------+------------------+-------+------------+------------------------+
; Slack  ; Actual Width ; Required Width ; Type             ; Clock ; Clock Edge ; Target                 ;
+--------+--------------+----------------+------------------+-------+------------+------------------------+
; -1.941 ; 1.000        ; 2.941          ; Port Rate        ; clk   ; Rise       ; clk                    ;
; -0.742 ; 0.500        ; 1.242          ; High Pulse Width ; clk   ; Rise       ; q[0]~reg0_emulated     ;
; -0.742 ; 0.500        ; 1.242          ; Low Pulse Width  ; clk   ; Rise       ; q[0]~reg0_emulated     ;
; -0.742 ; 0.500        ; 1.242          ; High Pulse Width ; clk   ; Rise       ; q[1]~reg0_emulated     ;
; -0.742 ; 0.500        ; 1.242          ; Low Pulse Width  ; clk   ; Rise       ; q[1]~reg0_emulated     ;
; -0.742 ; 0.500        ; 1.242          ; High Pulse Width ; clk   ; Rise       ; q[2]~reg0_emulated     ;
; -0.742 ; 0.500        ; 1.242          ; Low Pulse Width  ; clk   ; Rise       ; q[2]~reg0_emulated     ;
; -0.742 ; 0.500        ; 1.242          ; High Pulse Width ; clk   ; Rise       ; q[3]~reg0_emulated     ;
; -0.742 ; 0.500        ; 1.242          ; Low Pulse Width  ; clk   ; Rise       ; q[3]~reg0_emulated     ;
; 0.500  ; 0.500        ; 0.000          ; High Pulse Width ; clk   ; Rise       ; clk|combout            ;
; 0.500  ; 0.500        ; 0.000          ; Low Pulse Width  ; clk   ; Rise       ; clk|combout            ;
; 0.500  ; 0.500        ; 0.000          ; High Pulse Width ; clk   ; Rise       ; clk~clkctrl|inclk[0]   ;
; 0.500  ; 0.500        ; 0.000          ; Low Pulse Width  ; clk   ; Rise       ; clk~clkctrl|inclk[0]   ;
; 0.500  ; 0.500        ; 0.000          ; High Pulse Width ; clk   ; Rise       ; clk~clkctrl|outclk     ;
; 0.500  ; 0.500        ; 0.000          ; Low Pulse Width  ; clk   ; Rise       ; clk~clkctrl|outclk     ;
; 0.500  ; 0.500        ; 0.000          ; High Pulse Width ; clk   ; Rise       ; q[0]~reg0_emulated|clk ;
; 0.500  ; 0.500        ; 0.000          ; Low Pulse Width  ; clk   ; Rise       ; q[0]~reg0_emulated|clk ;
; 0.500  ; 0.500        ; 0.000          ; High Pulse Width ; clk   ; Rise       ; q[1]~reg0_emulated|clk ;
; 0.500  ; 0.500        ; 0.000          ; Low Pulse Width  ; clk   ; Rise       ; q[1]~reg0_emulated|clk ;
; 0.500  ; 0.500        ; 0.000          ; High Pulse Width ; clk   ; Rise       ; q[2]~reg0_emulated|clk ;
; 0.500  ; 0.500        ; 0.000          ; Low Pulse Width  ; clk   ; Rise       ; q[2]~reg0_emulated|clk ;
; 0.500  ; 0.500        ; 0.000          ; High Pulse Width ; clk   ; Rise       ; q[3]~reg0_emulated|clk ;
; 0.500  ; 0.500        ; 0.000          ; Low Pulse Width  ; clk   ; Rise       ; q[3]~reg0_emulated|clk ;
+--------+--------------+----------------+------------------+-------+------------+------------------------+


+-----------------------------------------------------------------------------------------------------------+
; Slow Model Minimum Pulse Width: 'areset'                                                                  ;
+--------+--------------+----------------+------------------+--------+------------+-------------------------+
; Slack  ; Actual Width ; Required Width ; Type             ; Clock  ; Clock Edge ; Target                  ;
+--------+--------------+----------------+------------------+--------+------------+-------------------------+
; -1.941 ; 1.000        ; 2.941          ; Port Rate        ; areset ; Rise       ; areset                  ;
; 0.500  ; 0.500        ; 0.000          ; High Pulse Width ; areset ; Rise       ; areset|combout          ;
; 0.500  ; 0.500        ; 0.000          ; Low Pulse Width  ; areset ; Rise       ; areset|combout          ;
; 0.500  ; 0.500        ; 0.000          ; High Pulse Width ; areset ; Rise       ; areset~clkctrl|inclk[0] ;
; 0.500  ; 0.500        ; 0.000          ; Low Pulse Width  ; areset ; Rise       ; areset~clkctrl|inclk[0] ;
; 0.500  ; 0.500        ; 0.000          ; High Pulse Width ; areset ; Rise       ; areset~clkctrl|outclk   ;
; 0.500  ; 0.500        ; 0.000          ; Low Pulse Width  ; areset ; Rise       ; areset~clkctrl|outclk   ;
; 0.500  ; 0.500        ; 0.000          ; High Pulse Width ; areset ; Fall       ; q[0]~1                  ;
; 0.500  ; 0.500        ; 0.000          ; Low Pulse Width  ; areset ; Fall       ; q[0]~1                  ;
; 0.500  ; 0.500        ; 0.000          ; High Pulse Width ; areset ; Rise       ; q[0]~1|datac            ;
; 0.500  ; 0.500        ; 0.000          ; Low Pulse Width  ; areset ; Rise       ; q[0]~1|datac            ;
; 0.500  ; 0.500        ; 0.000          ; High Pulse Width ; areset ; Fall       ; q[1]~5                  ;
; 0.500  ; 0.500        ; 0.000          ; Low Pulse Width  ; areset ; Fall       ; q[1]~5                  ;
; 0.500  ; 0.500        ; 0.000          ; High Pulse Width ; areset ; Rise       ; q[1]~5|datac            ;
; 0.500  ; 0.500        ; 0.000          ; Low Pulse Width  ; areset ; Rise       ; q[1]~5|datac            ;
; 0.500  ; 0.500        ; 0.000          ; High Pulse Width ; areset ; Fall       ; q[2]~9                  ;
; 0.500  ; 0.500        ; 0.000          ; Low Pulse Width  ; areset ; Fall       ; q[2]~9                  ;
; 0.500  ; 0.500        ; 0.000          ; High Pulse Width ; areset ; Rise       ; q[2]~9|datac            ;
; 0.500  ; 0.500        ; 0.000          ; Low Pulse Width  ; areset ; Rise       ; q[2]~9|datac            ;
; 0.500  ; 0.500        ; 0.000          ; High Pulse Width ; areset ; Fall       ; q[3]~13                 ;
; 0.500  ; 0.500        ; 0.000          ; Low Pulse Width  ; areset ; Fall       ; q[3]~13                 ;
; 0.500  ; 0.500        ; 0.000          ; High Pulse Width ; areset ; Rise       ; q[3]~13|datac           ;
; 0.500  ; 0.500        ; 0.000          ; Low Pulse Width  ; areset ; Rise       ; q[3]~13|datac           ;
+--------+--------------+----------------+------------------+--------+------------+-------------------------+


+-----------------------------------------------------------------------+
; Setup Times                                                           ;
+-----------+------------+-------+-------+------------+-----------------+
; Data Port ; Clock Port ; Rise  ; Fall  ; Clock Edge ; Clock Reference ;
+-----------+------------+-------+-------+------------+-----------------+
; areset    ; areset     ; 2.265 ; 2.265 ; Fall       ; areset          ;
; enable    ; areset     ; 3.637 ; 3.637 ; Fall       ; areset          ;
; areset    ; clk        ; 0.914 ; 0.914 ; Rise       ; clk             ;
; count_en  ; clk        ; 3.078 ; 3.078 ; Rise       ; clk             ;
; enable    ; clk        ; 4.934 ; 4.934 ; Rise       ; clk             ;
+-----------+------------+-------+-------+------------+-----------------+


+-------------------------------------------------------------------------+
; Hold Times                                                              ;
+-----------+------------+--------+--------+------------+-----------------+
; Data Port ; Clock Port ; Rise   ; Fall   ; Clock Edge ; Clock Reference ;
+-----------+------------+--------+--------+------------+-----------------+
; areset    ; areset     ; -0.177 ; -0.177 ; Fall       ; areset          ;
; enable    ; areset     ; -1.954 ; -1.954 ; Fall       ; areset          ;
; areset    ; clk        ; -0.078 ; -0.078 ; Rise       ; clk             ;
; count_en  ; clk        ; -2.637 ; -2.637 ; Rise       ; clk             ;
; enable    ; clk        ; -2.394 ; -2.394 ; Rise       ; clk             ;
+-----------+------------+--------+--------+------------+-----------------+


+-----------------------------------------------------------------------+
; Clock to Output Times                                                 ;
+-----------+------------+-------+-------+------------+-----------------+
; Data Port ; Clock Port ; Rise  ; Fall  ; Clock Edge ; Clock Reference ;
+-----------+------------+-------+-------+------------+-----------------+
; q[*]      ; areset     ; 7.039 ; 7.039 ; Rise       ; areset          ;
;  q[0]     ; areset     ; 7.039 ; 7.039 ; Rise       ; areset          ;
;  q[1]     ; areset     ; 6.444 ; 6.444 ; Rise       ; areset          ;
;  q[2]     ; areset     ; 6.426 ; 6.426 ; Rise       ; areset          ;
;  q[3]     ; areset     ; 6.388 ; 6.388 ; Rise       ; areset          ;
; q[*]      ; areset     ; 8.520 ; 8.520 ; Fall       ; areset          ;
;  q[0]     ; areset     ; 8.520 ; 8.520 ; Fall       ; areset          ;
;  q[1]     ; areset     ; 8.444 ; 8.444 ; Fall       ; areset          ;
;  q[2]     ; areset     ; 8.236 ; 8.236 ; Fall       ; areset          ;
;  q[3]     ; areset     ; 8.386 ; 8.386 ; Fall       ; areset          ;
; q[*]      ; clk        ; 8.848 ; 8.848 ; Rise       ; clk             ;
;  q[0]     ; clk        ; 8.848 ; 8.848 ; Rise       ; clk             ;
;  q[1]     ; clk        ; 8.388 ; 8.388 ; Rise       ; clk             ;
;  q[2]     ; clk        ; 8.565 ; 8.565 ; Rise       ; clk             ;
;  q[3]     ; clk        ; 8.342 ; 8.342 ; Rise       ; clk             ;
+-----------+------------+-------+-------+------------+-----------------+


+-----------------------------------------------------------------------+
; Minimum Clock to Output Times                                         ;
+-----------+------------+-------+-------+------------+-----------------+
; Data Port ; Clock Port ; Rise  ; Fall  ; Clock Edge ; Clock Reference ;
+-----------+------------+-------+-------+------------+-----------------+
; q[*]      ; areset     ; 6.388 ; 6.388 ; Rise       ; areset          ;
;  q[0]     ; areset     ; 7.039 ; 7.039 ; Rise       ; areset          ;
;  q[1]     ; areset     ; 6.444 ; 6.444 ; Rise       ; areset          ;
;  q[2]     ; areset     ; 6.426 ; 6.426 ; Rise       ; areset          ;
;  q[3]     ; areset     ; 6.388 ; 6.388 ; Rise       ; areset          ;
; q[*]      ; areset     ; 6.388 ; 6.388 ; Fall       ; areset          ;
;  q[0]     ; areset     ; 7.039 ; 7.039 ; Fall       ; areset          ;
;  q[1]     ; areset     ; 6.444 ; 6.444 ; Fall       ; areset          ;
;  q[2]     ; areset     ; 6.426 ; 6.426 ; Fall       ; areset          ;
;  q[3]     ; areset     ; 6.388 ; 6.388 ; Fall       ; areset          ;
; q[*]      ; clk        ; 8.342 ; 8.342 ; Rise       ; clk             ;
;  q[0]     ; clk        ; 8.848 ; 8.848 ; Rise       ; clk             ;
;  q[1]     ; clk        ; 8.388 ; 8.388 ; Rise       ; clk             ;
;  q[2]     ; clk        ; 8.565 ; 8.565 ; Rise       ; clk             ;
;  q[3]     ; clk        ; 8.342 ; 8.342 ; Rise       ; clk             ;
+-----------+------------+-------+-------+------------+-----------------+


+--------------------------------------------------------------+
; Propagation Delay                                            ;
+------------+-------------+--------+--------+--------+--------+
; Input Port ; Output Port ; RR     ; RF     ; FR     ; FF     ;
+------------+-------------+--------+--------+--------+--------+
; enable     ; q[0]        ; 10.838 ;        ;        ; 10.838 ;
; enable     ; q[1]        ;        ; 10.396 ; 10.396 ;        ;
; enable     ; q[2]        ; 10.086 ;        ;        ; 10.086 ;
; enable     ; q[3]        ;        ; 10.607 ; 10.607 ;        ;
+------------+-------------+--------+--------+--------+--------+


+--------------------------------------------------------------+
; Minimum Propagation Delay                                    ;
+------------+-------------+--------+--------+--------+--------+
; Input Port ; Output Port ; RR     ; RF     ; FR     ; FF     ;
+------------+-------------+--------+--------+--------+--------+
; enable     ; q[0]        ; 10.838 ;        ;        ; 10.838 ;
; enable     ; q[1]        ;        ; 10.396 ; 10.396 ;        ;
; enable     ; q[2]        ; 10.086 ;        ;        ; 10.086 ;
; enable     ; q[3]        ;        ; 10.607 ; 10.607 ;        ;
+------------+-------------+--------+--------+--------+--------+


+---------------------------------+
; Fast Model Setup Summary        ;
+--------+--------+---------------+
; Clock  ; Slack  ; End Point TNS ;
+--------+--------+---------------+
; areset ; -0.832 ; -3.015        ;
; clk    ; -0.165 ; -0.254        ;
+--------+--------+---------------+


+---------------------------------+
; Fast Model Hold Summary         ;
+--------+--------+---------------+
; Clock  ; Slack  ; End Point TNS ;
+--------+--------+---------------+
; clk    ; -0.587 ; -2.285        ;
; areset ; -0.388 ; -1.216        ;
+--------+--------+---------------+


+-------------------------------+
; Fast Model Recovery Summary   ;
+-------+-------+---------------+
; Clock ; Slack ; End Point TNS ;
+-------+-------+---------------+
; clk   ; 0.257 ; 0.000         ;
+-------+-------+---------------+


+-------------------------------+
; Fast Model Removal Summary    ;
+-------+-------+---------------+
; Clock ; Slack ; End Point TNS ;
+-------+-------+---------------+
; clk   ; 0.110 ; 0.000         ;
+-------+-------+---------------+


+----------------------------------------+
; Fast Model Minimum Pulse Width Summary ;
+--------+--------+----------------------+
; Clock  ; Slack  ; End Point TNS        ;
+--------+--------+----------------------+
; clk    ; -1.380 ; -5.380               ;
; areset ; -1.380 ; -1.380               ;
+--------+--------+----------------------+


+-------------------------------------------------------------------------------------------------------------+
; Fast Model Setup: 'areset'                                                                                  ;
+--------+--------------------+---------+--------------+-------------+--------------+------------+------------+
; Slack  ; From Node          ; To Node ; Launch Clock ; Latch Clock ; Relationship ; Clock Skew ; Data Delay ;
+--------+--------------------+---------+--------------+-------------+--------------+------------+------------+
; -0.832 ; q[2]~reg0_emulated ; q[2]~9  ; clk          ; areset      ; 0.500        ; -0.046     ; 0.911      ;
; -0.802 ; q[0]~reg0_emulated ; q[0]~1  ; clk          ; areset      ; 0.500        ; -0.059     ; 0.871      ;
; -0.711 ; q[3]~reg0_emulated ; q[3]~13 ; clk          ; areset      ; 0.500        ; -0.044     ; 0.777      ;
; -0.670 ; q[1]~reg0_emulated ; q[1]~5  ; clk          ; areset      ; 0.500        ; -0.044     ; 0.737      ;
; -0.059 ; q[2]~9             ; q[2]~9  ; areset       ; areset      ; 1.000        ; 0.000      ; 0.684      ;
; -0.045 ; q[3]~13            ; q[3]~13 ; areset       ; areset      ; 1.000        ; 0.000      ; 0.655      ;
; -0.024 ; q[0]~1             ; q[0]~1  ; areset       ; areset      ; 1.000        ; 0.000      ; 0.652      ;
; -0.009 ; q[1]~5             ; q[1]~5  ; areset       ; areset      ; 1.000        ; 0.000      ; 0.620      ;
; 0.336  ; areset             ; q[0]~1  ; areset       ; areset      ; 0.500        ; 1.648      ; 1.440      ;
; 0.393  ; areset             ; q[2]~9  ; areset       ; areset      ; 0.500        ; 1.659      ; 1.391      ;
; 0.462  ; areset             ; q[3]~13 ; areset       ; areset      ; 0.500        ; 1.661      ; 1.309      ;
; 0.499  ; areset             ; q[1]~5  ; areset       ; areset      ; 0.500        ; 1.661      ; 1.273      ;
; 0.836  ; areset             ; q[0]~1  ; areset       ; areset      ; 1.000        ; 1.648      ; 1.440      ;
; 0.893  ; areset             ; q[2]~9  ; areset       ; areset      ; 1.000        ; 1.659      ; 1.391      ;
; 0.962  ; areset             ; q[3]~13 ; areset       ; areset      ; 1.000        ; 1.661      ; 1.309      ;
; 0.999  ; areset             ; q[1]~5  ; areset       ; areset      ; 1.000        ; 1.661      ; 1.273      ;
+--------+--------------------+---------+--------------+-------------+--------------+------------+------------+


+------------------------------------------------------------------------------------------------------------------------+
; Fast Model Setup: 'clk'                                                                                                ;
+--------+--------------------+--------------------+--------------+-------------+--------------+------------+------------+
; Slack  ; From Node          ; To Node            ; Launch Clock ; Latch Clock ; Relationship ; Clock Skew ; Data Delay ;
+--------+--------------------+--------------------+--------------+-------------+--------------+------------+------------+
; -0.165 ; q[3]~13            ; q[2]~reg0_emulated ; areset       ; clk         ; 0.500        ; 0.044      ; 0.739      ;
; -0.127 ; q[2]~9             ; q[2]~reg0_emulated ; areset       ; clk         ; 0.500        ; 0.046      ; 0.703      ;
; -0.099 ; q[1]~5             ; q[2]~reg0_emulated ; areset       ; clk         ; 0.500        ; 0.044      ; 0.673      ;
; -0.050 ; q[0]~1             ; q[2]~reg0_emulated ; areset       ; clk         ; 0.500        ; 0.057      ; 0.637      ;
; -0.045 ; q[1]~5             ; q[1]~reg0_emulated ; areset       ; clk         ; 0.500        ; 0.044      ; 0.619      ;
; -0.044 ; q[1]~5             ; q[3]~reg0_emulated ; areset       ; clk         ; 0.500        ; 0.044      ; 0.618      ;
; -0.038 ; q[3]~13            ; q[3]~reg0_emulated ; areset       ; clk         ; 0.500        ; 0.044      ; 0.612      ;
; 0.003  ; q[2]~9             ; q[3]~reg0_emulated ; areset       ; clk         ; 0.500        ; 0.046      ; 0.573      ;
; 0.052  ; q[0]~1             ; q[0]~reg0_emulated ; areset       ; clk         ; 0.500        ; 0.059      ; 0.537      ;
; 0.100  ; q[2]~reg0_emulated ; q[2]~reg0_emulated ; clk          ; clk         ; 1.000        ; 0.000      ; 0.930      ;
; 0.169  ; q[3]~reg0_emulated ; q[2]~reg0_emulated ; clk          ; clk         ; 1.000        ; 0.000      ; 0.861      ;
; 0.172  ; q[0]~reg0_emulated ; q[2]~reg0_emulated ; clk          ; clk         ; 1.000        ; -0.002     ; 0.856      ;
; 0.230  ; q[2]~reg0_emulated ; q[3]~reg0_emulated ; clk          ; clk         ; 1.000        ; 0.000      ; 0.800      ;
; 0.240  ; q[1]~reg0_emulated ; q[2]~reg0_emulated ; clk          ; clk         ; 1.000        ; 0.000      ; 0.790      ;
; 0.274  ; q[0]~reg0_emulated ; q[0]~reg0_emulated ; clk          ; clk         ; 1.000        ; 0.000      ; 0.756      ;
; 0.294  ; q[1]~reg0_emulated ; q[1]~reg0_emulated ; clk          ; clk         ; 1.000        ; 0.000      ; 0.736      ;
; 0.295  ; q[1]~reg0_emulated ; q[3]~reg0_emulated ; clk          ; clk         ; 1.000        ; 0.000      ; 0.735      ;
; 0.296  ; q[3]~reg0_emulated ; q[3]~reg0_emulated ; clk          ; clk         ; 1.000        ; 0.000      ; 0.734      ;
; 0.810  ; areset             ; q[2]~reg0_emulated ; areset       ; clk         ; 0.500        ; 1.705      ; 1.425      ;
; 0.912  ; areset             ; q[0]~reg0_emulated ; areset       ; clk         ; 0.500        ; 1.707      ; 1.325      ;
; 0.955  ; areset             ; q[3]~reg0_emulated ; areset       ; clk         ; 0.500        ; 1.705      ; 1.280      ;
; 0.963  ; areset             ; q[1]~reg0_emulated ; areset       ; clk         ; 0.500        ; 1.705      ; 1.272      ;
; 1.310  ; areset             ; q[2]~reg0_emulated ; areset       ; clk         ; 1.000        ; 1.705      ; 1.425      ;
; 1.412  ; areset             ; q[0]~reg0_emulated ; areset       ; clk         ; 1.000        ; 1.707      ; 1.325      ;
; 1.455  ; areset             ; q[3]~reg0_emulated ; areset       ; clk         ; 1.000        ; 1.705      ; 1.280      ;
; 1.463  ; areset             ; q[1]~reg0_emulated ; areset       ; clk         ; 1.000        ; 1.705      ; 1.272      ;
+--------+--------------------+--------------------+--------------+-------------+--------------+------------+------------+


+------------------------------------------------------------------------------------------------------------------------+
; Fast Model Hold: 'clk'                                                                                                 ;
+--------+--------------------+--------------------+--------------+-------------+--------------+------------+------------+
; Slack  ; From Node          ; To Node            ; Launch Clock ; Latch Clock ; Relationship ; Clock Skew ; Data Delay ;
+--------+--------------------+--------------------+--------------+-------------+--------------+------------+------------+
; -0.587 ; areset             ; q[3]~reg0_emulated ; areset       ; clk         ; 0.000        ; 1.705      ; 1.266      ;
; -0.587 ; areset             ; q[2]~reg0_emulated ; areset       ; clk         ; 0.000        ; 1.705      ; 1.266      ;
; -0.581 ; areset             ; q[1]~reg0_emulated ; areset       ; clk         ; 0.000        ; 1.705      ; 1.272      ;
; -0.530 ; areset             ; q[0]~reg0_emulated ; areset       ; clk         ; 0.000        ; 1.707      ; 1.325      ;
; -0.087 ; areset             ; q[3]~reg0_emulated ; areset       ; clk         ; -0.500       ; 1.705      ; 1.266      ;
; -0.087 ; areset             ; q[2]~reg0_emulated ; areset       ; clk         ; -0.500       ; 1.705      ; 1.266      ;
; -0.081 ; areset             ; q[1]~reg0_emulated ; areset       ; clk         ; -0.500       ; 1.705      ; 1.272      ;
; -0.030 ; areset             ; q[0]~reg0_emulated ; areset       ; clk         ; -0.500       ; 1.707      ; 1.325      ;
; 0.513  ; q[2]~9             ; q[2]~reg0_emulated ; areset       ; clk         ; -0.500       ; 0.046      ; 0.207      ;
; 0.586  ; q[3]~reg0_emulated ; q[3]~reg0_emulated ; clk          ; clk         ; 0.000        ; 0.000      ; 0.734      ;
; 0.587  ; q[1]~reg0_emulated ; q[3]~reg0_emulated ; clk          ; clk         ; 0.000        ; 0.000      ; 0.735      ;
; 0.588  ; q[1]~reg0_emulated ; q[1]~reg0_emulated ; clk          ; clk         ; 0.000        ; 0.000      ; 0.736      ;
; 0.590  ; q[1]~reg0_emulated ; q[2]~reg0_emulated ; clk          ; clk         ; 0.000        ; 0.000      ; 0.738      ;
; 0.608  ; q[0]~reg0_emulated ; q[0]~reg0_emulated ; clk          ; clk         ; 0.000        ; 0.000      ; 0.756      ;
; 0.618  ; q[0]~1             ; q[0]~reg0_emulated ; areset       ; clk         ; -0.500       ; 0.059      ; 0.325      ;
; 0.638  ; q[2]~reg0_emulated ; q[2]~reg0_emulated ; clk          ; clk         ; 0.000        ; 0.000      ; 0.786      ;
; 0.652  ; q[2]~reg0_emulated ; q[3]~reg0_emulated ; clk          ; clk         ; 0.000        ; 0.000      ; 0.800      ;
; 0.704  ; q[1]~5             ; q[1]~reg0_emulated ; areset       ; clk         ; -0.500       ; 0.044      ; 0.396      ;
; 0.710  ; q[0]~reg0_emulated ; q[2]~reg0_emulated ; clk          ; clk         ; 0.000        ; -0.002     ; 0.856      ;
; 0.713  ; q[3]~reg0_emulated ; q[2]~reg0_emulated ; clk          ; clk         ; 0.000        ; 0.000      ; 0.861      ;
; 0.785  ; q[3]~13            ; q[3]~reg0_emulated ; areset       ; clk         ; -0.500       ; 0.044      ; 0.477      ;
; 0.879  ; q[2]~9             ; q[3]~reg0_emulated ; areset       ; clk         ; -0.500       ; 0.046      ; 0.573      ;
; 0.926  ; q[1]~5             ; q[3]~reg0_emulated ; areset       ; clk         ; -0.500       ; 0.044      ; 0.618      ;
; 0.929  ; q[1]~5             ; q[2]~reg0_emulated ; areset       ; clk         ; -0.500       ; 0.044      ; 0.621      ;
; 0.932  ; q[0]~1             ; q[2]~reg0_emulated ; areset       ; clk         ; -0.500       ; 0.057      ; 0.637      ;
; 1.047  ; q[3]~13            ; q[2]~reg0_emulated ; areset       ; clk         ; -0.500       ; 0.044      ; 0.739      ;
+--------+--------------------+--------------------+--------------+-------------+--------------+------------+------------+


+-------------------------------------------------------------------------------------------------------------+
; Fast Model Hold: 'areset'                                                                                   ;
+--------+--------------------+---------+--------------+-------------+--------------+------------+------------+
; Slack  ; From Node          ; To Node ; Launch Clock ; Latch Clock ; Relationship ; Clock Skew ; Data Delay ;
+--------+--------------------+---------+--------------+-------------+--------------+------------+------------+
; -0.388 ; areset             ; q[1]~5  ; areset       ; areset      ; 0.000        ; 1.661      ; 1.273      ;
; -0.352 ; areset             ; q[3]~13 ; areset       ; areset      ; 0.000        ; 1.661      ; 1.309      ;
; -0.268 ; areset             ; q[2]~9  ; areset       ; areset      ; 0.000        ; 1.659      ; 1.391      ;
; -0.208 ; areset             ; q[0]~1  ; areset       ; areset      ; 0.000        ; 1.648      ; 1.440      ;
; 0.112  ; areset             ; q[1]~5  ; areset       ; areset      ; -0.500       ; 1.661      ; 1.273      ;
; 0.148  ; areset             ; q[3]~13 ; areset       ; areset      ; -0.500       ; 1.661      ; 1.309      ;
; 0.232  ; areset             ; q[2]~9  ; areset       ; areset      ; -0.500       ; 1.659      ; 1.391      ;
; 0.292  ; areset             ; q[0]~1  ; areset       ; areset      ; -0.500       ; 1.648      ; 1.440      ;
; 0.620  ; q[1]~5             ; q[1]~5  ; areset       ; areset      ; 0.000        ; 0.000      ; 0.620      ;
; 0.652  ; q[0]~1             ; q[0]~1  ; areset       ; areset      ; 0.000        ; 0.000      ; 0.652      ;
; 0.655  ; q[3]~13            ; q[3]~13 ; areset       ; areset      ; 0.000        ; 0.000      ; 0.655      ;
; 0.684  ; q[2]~9             ; q[2]~9  ; areset       ; areset      ; 0.000        ; 0.000      ; 0.684      ;
; 1.281  ; q[1]~reg0_emulated ; q[1]~5  ; clk          ; areset      ; -0.500       ; -0.044     ; 0.737      ;
; 1.321  ; q[3]~reg0_emulated ; q[3]~13 ; clk          ; areset      ; -0.500       ; -0.044     ; 0.777      ;
; 1.430  ; q[0]~reg0_emulated ; q[0]~1  ; clk          ; areset      ; -0.500       ; -0.059     ; 0.871      ;
; 1.457  ; q[2]~reg0_emulated ; q[2]~9  ; clk          ; areset      ; -0.500       ; -0.046     ; 0.911      ;
+--------+--------------------+---------+--------------+-------------+--------------+------------+------------+


+--------------------------------------------------------------------------------------------------------------+
; Fast Model Recovery: 'clk'                                                                                   ;
+-------+-----------+--------------------+--------------+-------------+--------------+------------+------------+
; Slack ; From Node ; To Node            ; Launch Clock ; Latch Clock ; Relationship ; Clock Skew ; Data Delay ;
+-------+-----------+--------------------+--------------+-------------+--------------+------------+------------+
; 0.257 ; areset    ; q[1]~reg0_emulated ; areset       ; clk         ; 0.500        ; 1.705      ; 1.978      ;
; 0.257 ; areset    ; q[3]~reg0_emulated ; areset       ; clk         ; 0.500        ; 1.705      ; 1.978      ;
; 0.257 ; areset    ; q[2]~reg0_emulated ; areset       ; clk         ; 0.500        ; 1.705      ; 1.978      ;
; 0.272 ; areset    ; q[0]~reg0_emulated ; areset       ; clk         ; 0.500        ; 1.707      ; 1.965      ;
; 0.757 ; areset    ; q[1]~reg0_emulated ; areset       ; clk         ; 1.000        ; 1.705      ; 1.978      ;
; 0.757 ; areset    ; q[3]~reg0_emulated ; areset       ; clk         ; 1.000        ; 1.705      ; 1.978      ;
; 0.757 ; areset    ; q[2]~reg0_emulated ; areset       ; clk         ; 1.000        ; 1.705      ; 1.978      ;
; 0.772 ; areset    ; q[0]~reg0_emulated ; areset       ; clk         ; 1.000        ; 1.707      ; 1.965      ;
+-------+-----------+--------------------+--------------+-------------+--------------+------------+------------+


+--------------------------------------------------------------------------------------------------------------+
; Fast Model Removal: 'clk'                                                                                    ;
+-------+-----------+--------------------+--------------+-------------+--------------+------------+------------+
; Slack ; From Node ; To Node            ; Launch Clock ; Latch Clock ; Relationship ; Clock Skew ; Data Delay ;
+-------+-----------+--------------------+--------------+-------------+--------------+------------+------------+
; 0.110 ; areset    ; q[0]~reg0_emulated ; areset       ; clk         ; 0.000        ; 1.707      ; 1.965      ;
; 0.125 ; areset    ; q[1]~reg0_emulated ; areset       ; clk         ; 0.000        ; 1.705      ; 1.978      ;
; 0.125 ; areset    ; q[3]~reg0_emulated ; areset       ; clk         ; 0.000        ; 1.705      ; 1.978      ;
; 0.125 ; areset    ; q[2]~reg0_emulated ; areset       ; clk         ; 0.000        ; 1.705      ; 1.978      ;
; 0.610 ; areset    ; q[0]~reg0_emulated ; areset       ; clk         ; -0.500       ; 1.707      ; 1.965      ;
; 0.625 ; areset    ; q[1]~reg0_emulated ; areset       ; clk         ; -0.500       ; 1.705      ; 1.978      ;
; 0.625 ; areset    ; q[3]~reg0_emulated ; areset       ; clk         ; -0.500       ; 1.705      ; 1.978      ;
; 0.625 ; areset    ; q[2]~reg0_emulated ; areset       ; clk         ; -0.500       ; 1.705      ; 1.978      ;
+-------+-----------+--------------------+--------------+-------------+--------------+------------+------------+


+---------------------------------------------------------------------------------------------------------+
; Fast Model Minimum Pulse Width: 'clk'                                                                   ;
+--------+--------------+----------------+------------------+-------+------------+------------------------+
; Slack  ; Actual Width ; Required Width ; Type             ; Clock ; Clock Edge ; Target                 ;
+--------+--------------+----------------+------------------+-------+------------+------------------------+
; -1.380 ; 1.000        ; 2.380          ; Port Rate        ; clk   ; Rise       ; clk                    ;
; -0.500 ; 0.500        ; 1.000          ; High Pulse Width ; clk   ; Rise       ; q[0]~reg0_emulated     ;
; -0.500 ; 0.500        ; 1.000          ; Low Pulse Width  ; clk   ; Rise       ; q[0]~reg0_emulated     ;
; -0.500 ; 0.500        ; 1.000          ; High Pulse Width ; clk   ; Rise       ; q[1]~reg0_emulated     ;
; -0.500 ; 0.500        ; 1.000          ; Low Pulse Width  ; clk   ; Rise       ; q[1]~reg0_emulated     ;
; -0.500 ; 0.500        ; 1.000          ; High Pulse Width ; clk   ; Rise       ; q[2]~reg0_emulated     ;
; -0.500 ; 0.500        ; 1.000          ; Low Pulse Width  ; clk   ; Rise       ; q[2]~reg0_emulated     ;
; -0.500 ; 0.500        ; 1.000          ; High Pulse Width ; clk   ; Rise       ; q[3]~reg0_emulated     ;
; -0.500 ; 0.500        ; 1.000          ; Low Pulse Width  ; clk   ; Rise       ; q[3]~reg0_emulated     ;
; 0.500  ; 0.500        ; 0.000          ; High Pulse Width ; clk   ; Rise       ; clk|combout            ;
; 0.500  ; 0.500        ; 0.000          ; Low Pulse Width  ; clk   ; Rise       ; clk|combout            ;
; 0.500  ; 0.500        ; 0.000          ; High Pulse Width ; clk   ; Rise       ; clk~clkctrl|inclk[0]   ;
; 0.500  ; 0.500        ; 0.000          ; Low Pulse Width  ; clk   ; Rise       ; clk~clkctrl|inclk[0]   ;
; 0.500  ; 0.500        ; 0.000          ; High Pulse Width ; clk   ; Rise       ; clk~clkctrl|outclk     ;
; 0.500  ; 0.500        ; 0.000          ; Low Pulse Width  ; clk   ; Rise       ; clk~clkctrl|outclk     ;
; 0.500  ; 0.500        ; 0.000          ; High Pulse Width ; clk   ; Rise       ; q[0]~reg0_emulated|clk ;
; 0.500  ; 0.500        ; 0.000          ; Low Pulse Width  ; clk   ; Rise       ; q[0]~reg0_emulated|clk ;
; 0.500  ; 0.500        ; 0.000          ; High Pulse Width ; clk   ; Rise       ; q[1]~reg0_emulated|clk ;
; 0.500  ; 0.500        ; 0.000          ; Low Pulse Width  ; clk   ; Rise       ; q[1]~reg0_emulated|clk ;
; 0.500  ; 0.500        ; 0.000          ; High Pulse Width ; clk   ; Rise       ; q[2]~reg0_emulated|clk ;
; 0.500  ; 0.500        ; 0.000          ; Low Pulse Width  ; clk   ; Rise       ; q[2]~reg0_emulated|clk ;
; 0.500  ; 0.500        ; 0.000          ; High Pulse Width ; clk   ; Rise       ; q[3]~reg0_emulated|clk ;
; 0.500  ; 0.500        ; 0.000          ; Low Pulse Width  ; clk   ; Rise       ; q[3]~reg0_emulated|clk ;
+--------+--------------+----------------+------------------+-------+------------+------------------------+


+-----------------------------------------------------------------------------------------------------------+
; Fast Model Minimum Pulse Width: 'areset'                                                                  ;
+--------+--------------+----------------+------------------+--------+------------+-------------------------+
; Slack  ; Actual Width ; Required Width ; Type             ; Clock  ; Clock Edge ; Target                  ;
+--------+--------------+----------------+------------------+--------+------------+-------------------------+
; -1.380 ; 1.000        ; 2.380          ; Port Rate        ; areset ; Rise       ; areset                  ;
; 0.500  ; 0.500        ; 0.000          ; High Pulse Width ; areset ; Rise       ; areset|combout          ;
; 0.500  ; 0.500        ; 0.000          ; Low Pulse Width  ; areset ; Rise       ; areset|combout          ;
; 0.500  ; 0.500        ; 0.000          ; High Pulse Width ; areset ; Rise       ; areset~clkctrl|inclk[0] ;
; 0.500  ; 0.500        ; 0.000          ; Low Pulse Width  ; areset ; Rise       ; areset~clkctrl|inclk[0] ;
; 0.500  ; 0.500        ; 0.000          ; High Pulse Width ; areset ; Rise       ; areset~clkctrl|outclk   ;
; 0.500  ; 0.500        ; 0.000          ; Low Pulse Width  ; areset ; Rise       ; areset~clkctrl|outclk   ;
; 0.500  ; 0.500        ; 0.000          ; High Pulse Width ; areset ; Fall       ; q[0]~1                  ;
; 0.500  ; 0.500        ; 0.000          ; Low Pulse Width  ; areset ; Fall       ; q[0]~1                  ;
; 0.500  ; 0.500        ; 0.000          ; High Pulse Width ; areset ; Rise       ; q[0]~1|datac            ;
; 0.500  ; 0.500        ; 0.000          ; Low Pulse Width  ; areset ; Rise       ; q[0]~1|datac            ;
; 0.500  ; 0.500        ; 0.000          ; High Pulse Width ; areset ; Fall       ; q[1]~5                  ;
; 0.500  ; 0.500        ; 0.000          ; Low Pulse Width  ; areset ; Fall       ; q[1]~5                  ;
; 0.500  ; 0.500        ; 0.000          ; High Pulse Width ; areset ; Rise       ; q[1]~5|datac            ;
; 0.500  ; 0.500        ; 0.000          ; Low Pulse Width  ; areset ; Rise       ; q[1]~5|datac            ;
; 0.500  ; 0.500        ; 0.000          ; High Pulse Width ; areset ; Fall       ; q[2]~9                  ;
; 0.500  ; 0.500        ; 0.000          ; Low Pulse Width  ; areset ; Fall       ; q[2]~9                  ;
; 0.500  ; 0.500        ; 0.000          ; High Pulse Width ; areset ; Rise       ; q[2]~9|datac            ;
; 0.500  ; 0.500        ; 0.000          ; Low Pulse Width  ; areset ; Rise       ; q[2]~9|datac            ;
; 0.500  ; 0.500        ; 0.000          ; High Pulse Width ; areset ; Fall       ; q[3]~13                 ;
; 0.500  ; 0.500        ; 0.000          ; Low Pulse Width  ; areset ; Fall       ; q[3]~13                 ;
; 0.500  ; 0.500        ; 0.000          ; High Pulse Width ; areset ; Rise       ; q[3]~13|datac           ;
; 0.500  ; 0.500        ; 0.000          ; Low Pulse Width  ; areset ; Rise       ; q[3]~13|datac           ;
+--------+--------------+----------------+------------------+--------+------------+-------------------------+


+-------------------------------------------------------------------------+
; Setup Times                                                             ;
+-----------+------------+--------+--------+------------+-----------------+
; Data Port ; Clock Port ; Rise   ; Fall   ; Clock Edge ; Clock Reference ;
+-----------+------------+--------+--------+------------+-----------------+
; areset    ; areset     ; 0.164  ; 0.164  ; Fall       ; areset          ;
; enable    ; areset     ; 0.779  ; 0.779  ; Fall       ; areset          ;
; areset    ; clk        ; -0.310 ; -0.310 ; Rise       ; clk             ;
; count_en  ; clk        ; 0.717  ; 0.717  ; Rise       ; clk             ;
; enable    ; clk        ; 1.041  ; 1.041  ; Rise       ; clk             ;
+-----------+------------+--------+--------+------------+-----------------+


+-------------------------------------------------------------------------+
; Hold Times                                                              ;
+-----------+------------+--------+--------+------------+-----------------+
; Data Port ; Clock Port ; Rise   ; Fall   ; Clock Edge ; Clock Reference ;
+-----------+------------+--------+--------+------------+-----------------+
; areset    ; areset     ; 0.388  ; 0.388  ; Fall       ; areset          ;
; enable    ; areset     ; -0.325 ; -0.325 ; Fall       ; areset          ;
; areset    ; clk        ; 0.587  ; 0.587  ; Rise       ; clk             ;
; count_en  ; clk        ; -0.429 ; -0.429 ; Rise       ; clk             ;
; enable    ; clk        ; -0.283 ; -0.283 ; Rise       ; clk             ;
+-----------+------------+--------+--------+------------+-----------------+


+-----------------------------------------------------------------------+
; Clock to Output Times                                                 ;
+-----------+------------+-------+-------+------------+-----------------+
; Data Port ; Clock Port ; Rise  ; Fall  ; Clock Edge ; Clock Reference ;
+-----------+------------+-------+-------+------------+-----------------+
; q[*]      ; areset     ; 2.684 ; 2.684 ; Rise       ; areset          ;
;  q[0]     ; areset     ; 2.684 ; 2.684 ; Rise       ; areset          ;
;  q[1]     ; areset     ; 2.547 ; 2.547 ; Rise       ; areset          ;
;  q[2]     ; areset     ; 2.540 ; 2.540 ; Rise       ; areset          ;
;  q[3]     ; areset     ; 2.506 ; 2.506 ; Rise       ; areset          ;
; q[*]      ; areset     ; 3.555 ; 3.555 ; Fall       ; areset          ;
;  q[0]     ; areset     ; 3.544 ; 3.544 ; Fall       ; areset          ;
;  q[1]     ; areset     ; 3.555 ; 3.555 ; Fall       ; areset          ;
;  q[2]     ; areset     ; 3.492 ; 3.492 ; Fall       ; areset          ;
;  q[3]     ; areset     ; 3.513 ; 3.513 ; Fall       ; areset          ;
; q[*]      ; clk        ; 3.822 ; 3.822 ; Rise       ; clk             ;
;  q[0]     ; clk        ; 3.822 ; 3.822 ; Rise       ; clk             ;
;  q[1]     ; clk        ; 3.716 ; 3.716 ; Rise       ; clk             ;
;  q[2]     ; clk        ; 3.765 ; 3.765 ; Rise       ; clk             ;
;  q[3]     ; clk        ; 3.679 ; 3.679 ; Rise       ; clk             ;
+-----------+------------+-------+-------+------------+-----------------+


+-----------------------------------------------------------------------+
; Minimum Clock to Output Times                                         ;
+-----------+------------+-------+-------+------------+-----------------+
; Data Port ; Clock Port ; Rise  ; Fall  ; Clock Edge ; Clock Reference ;
+-----------+------------+-------+-------+------------+-----------------+
; q[*]      ; areset     ; 2.506 ; 2.506 ; Rise       ; areset          ;
;  q[0]     ; areset     ; 2.684 ; 2.684 ; Rise       ; areset          ;
;  q[1]     ; areset     ; 2.547 ; 2.547 ; Rise       ; areset          ;
;  q[2]     ; areset     ; 2.540 ; 2.540 ; Rise       ; areset          ;
;  q[3]     ; areset     ; 2.506 ; 2.506 ; Rise       ; areset          ;
; q[*]      ; areset     ; 2.506 ; 2.506 ; Fall       ; areset          ;
;  q[0]     ; areset     ; 2.684 ; 2.684 ; Fall       ; areset          ;
;  q[1]     ; areset     ; 2.547 ; 2.547 ; Fall       ; areset          ;
;  q[2]     ; areset     ; 2.540 ; 2.540 ; Fall       ; areset          ;
;  q[3]     ; areset     ; 2.506 ; 2.506 ; Fall       ; areset          ;
; q[*]      ; clk        ; 3.679 ; 3.679 ; Rise       ; clk             ;
;  q[0]     ; clk        ; 3.822 ; 3.822 ; Rise       ; clk             ;
;  q[1]     ; clk        ; 3.716 ; 3.716 ; Rise       ; clk             ;
;  q[2]     ; clk        ; 3.765 ; 3.765 ; Rise       ; clk             ;
;  q[3]     ; clk        ; 3.679 ; 3.679 ; Rise       ; clk             ;
+-----------+------------+-------+-------+------------+-----------------+


+----------------------------------------------------------+
; Propagation Delay                                        ;
+------------+-------------+-------+-------+-------+-------+
; Input Port ; Output Port ; RR    ; RF    ; FR    ; FF    ;
+------------+-------------+-------+-------+-------+-------+
; enable     ; q[0]        ; 3.953 ;       ;       ; 3.953 ;
; enable     ; q[1]        ;       ; 3.860 ; 3.860 ;       ;
; enable     ; q[2]        ; 3.799 ;       ;       ; 3.799 ;
; enable     ; q[3]        ;       ; 3.889 ; 3.889 ;       ;
+------------+-------------+-------+-------+-------+-------+


+----------------------------------------------------------+
; Minimum Propagation Delay                                ;
+------------+-------------+-------+-------+-------+-------+
; Input Port ; Output Port ; RR    ; RF    ; FR    ; FF    ;
+------------+-------------+-------+-------+-------+-------+
; enable     ; q[0]        ; 3.953 ;       ;       ; 3.953 ;
; enable     ; q[1]        ;       ; 3.860 ; 3.860 ;       ;
; enable     ; q[2]        ; 3.799 ;       ;       ; 3.799 ;
; enable     ; q[3]        ;       ; 3.889 ; 3.889 ;       ;
+------------+-------------+-------+-------+-------+-------+


+--------------------------------------------------------------------------------+
; Multicorner Timing Analysis Summary                                            ;
+------------------+---------+--------+----------+---------+---------------------+
; Clock            ; Setup   ; Hold   ; Recovery ; Removal ; Minimum Pulse Width ;
+------------------+---------+--------+----------+---------+---------------------+
; Worst-case Slack ; -3.672  ; -0.587 ; -0.202   ; 0.110   ; -1.941              ;
;  areset          ; -3.672  ; -0.388 ; N/A      ; N/A     ; -1.941              ;
;  clk             ; -2.213  ; -0.587 ; -0.202   ; 0.110   ; -1.941              ;
; Design-wide TNS  ; -20.964 ; -3.501 ; -0.788   ; 0.0     ; -9.818              ;
;  areset          ; -13.457 ; -1.216 ; N/A      ; N/A     ; -1.941              ;
;  clk             ; -7.507  ; -2.285 ; -0.788   ; 0.000   ; -7.877              ;
+------------------+---------+--------+----------+---------+---------------------+


+-----------------------------------------------------------------------+
; Setup Times                                                           ;
+-----------+------------+-------+-------+------------+-----------------+
; Data Port ; Clock Port ; Rise  ; Fall  ; Clock Edge ; Clock Reference ;
+-----------+------------+-------+-------+------------+-----------------+
; areset    ; areset     ; 2.265 ; 2.265 ; Fall       ; areset          ;
; enable    ; areset     ; 3.637 ; 3.637 ; Fall       ; areset          ;
; areset    ; clk        ; 0.914 ; 0.914 ; Rise       ; clk             ;
; count_en  ; clk        ; 3.078 ; 3.078 ; Rise       ; clk             ;
; enable    ; clk        ; 4.934 ; 4.934 ; Rise       ; clk             ;
+-----------+------------+-------+-------+------------+-----------------+


+-------------------------------------------------------------------------+
; Hold Times                                                              ;
+-----------+------------+--------+--------+------------+-----------------+
; Data Port ; Clock Port ; Rise   ; Fall   ; Clock Edge ; Clock Reference ;
+-----------+------------+--------+--------+------------+-----------------+
; areset    ; areset     ; 0.388  ; 0.388  ; Fall       ; areset          ;
; enable    ; areset     ; -0.325 ; -0.325 ; Fall       ; areset          ;
; areset    ; clk        ; 0.587  ; 0.587  ; Rise       ; clk             ;
; count_en  ; clk        ; -0.429 ; -0.429 ; Rise       ; clk             ;
; enable    ; clk        ; -0.283 ; -0.283 ; Rise       ; clk             ;
+-----------+------------+--------+--------+------------+-----------------+


+-----------------------------------------------------------------------+
; Clock to Output Times                                                 ;
+-----------+------------+-------+-------+------------+-----------------+
; Data Port ; Clock Port ; Rise  ; Fall  ; Clock Edge ; Clock Reference ;
+-----------+------------+-------+-------+------------+-----------------+
; q[*]      ; areset     ; 7.039 ; 7.039 ; Rise       ; areset          ;
;  q[0]     ; areset     ; 7.039 ; 7.039 ; Rise       ; areset          ;
;  q[1]     ; areset     ; 6.444 ; 6.444 ; Rise       ; areset          ;
;  q[2]     ; areset     ; 6.426 ; 6.426 ; Rise       ; areset          ;
;  q[3]     ; areset     ; 6.388 ; 6.388 ; Rise       ; areset          ;
; q[*]      ; areset     ; 8.520 ; 8.520 ; Fall       ; areset          ;
;  q[0]     ; areset     ; 8.520 ; 8.520 ; Fall       ; areset          ;
;  q[1]     ; areset     ; 8.444 ; 8.444 ; Fall       ; areset          ;
;  q[2]     ; areset     ; 8.236 ; 8.236 ; Fall       ; areset          ;
;  q[3]     ; areset     ; 8.386 ; 8.386 ; Fall       ; areset          ;
; q[*]      ; clk        ; 8.848 ; 8.848 ; Rise       ; clk             ;
;  q[0]     ; clk        ; 8.848 ; 8.848 ; Rise       ; clk             ;
;  q[1]     ; clk        ; 8.388 ; 8.388 ; Rise       ; clk             ;
;  q[2]     ; clk        ; 8.565 ; 8.565 ; Rise       ; clk             ;
;  q[3]     ; clk        ; 8.342 ; 8.342 ; Rise       ; clk             ;
+-----------+------------+-------+-------+------------+-----------------+


+-----------------------------------------------------------------------+
; Minimum Clock to Output Times                                         ;
+-----------+------------+-------+-------+------------+-----------------+
; Data Port ; Clock Port ; Rise  ; Fall  ; Clock Edge ; Clock Reference ;
+-----------+------------+-------+-------+------------+-----------------+
; q[*]      ; areset     ; 2.506 ; 2.506 ; Rise       ; areset          ;
;  q[0]     ; areset     ; 2.684 ; 2.684 ; Rise       ; areset          ;
;  q[1]     ; areset     ; 2.547 ; 2.547 ; Rise       ; areset          ;
;  q[2]     ; areset     ; 2.540 ; 2.540 ; Rise       ; areset          ;
;  q[3]     ; areset     ; 2.506 ; 2.506 ; Rise       ; areset          ;
; q[*]      ; areset     ; 2.506 ; 2.506 ; Fall       ; areset          ;
;  q[0]     ; areset     ; 2.684 ; 2.684 ; Fall       ; areset          ;
;  q[1]     ; areset     ; 2.547 ; 2.547 ; Fall       ; areset          ;
;  q[2]     ; areset     ; 2.540 ; 2.540 ; Fall       ; areset          ;
;  q[3]     ; areset     ; 2.506 ; 2.506 ; Fall       ; areset          ;
; q[*]      ; clk        ; 3.679 ; 3.679 ; Rise       ; clk             ;
;  q[0]     ; clk        ; 3.822 ; 3.822 ; Rise       ; clk             ;
;  q[1]     ; clk        ; 3.716 ; 3.716 ; Rise       ; clk             ;
;  q[2]     ; clk        ; 3.765 ; 3.765 ; Rise       ; clk             ;
;  q[3]     ; clk        ; 3.679 ; 3.679 ; Rise       ; clk             ;
+-----------+------------+-------+-------+------------+-----------------+


+--------------------------------------------------------------+
; Progagation Delay                                            ;
+------------+-------------+--------+--------+--------+--------+
; Input Port ; Output Port ; RR     ; RF     ; FR     ; FF     ;
+------------+-------------+--------+--------+--------+--------+
; enable     ; q[0]        ; 10.838 ;        ;        ; 10.838 ;
; enable     ; q[1]        ;        ; 10.396 ; 10.396 ;        ;
; enable     ; q[2]        ; 10.086 ;        ;        ; 10.086 ;
; enable     ; q[3]        ;        ; 10.607 ; 10.607 ;        ;
+------------+-------------+--------+--------+--------+--------+


+----------------------------------------------------------+
; Minimum Progagation Delay                                ;
+------------+-------------+-------+-------+-------+-------+
; Input Port ; Output Port ; RR    ; RF    ; FR    ; FF    ;
+------------+-------------+-------+-------+-------+-------+
; enable     ; q[0]        ; 3.953 ;       ;       ; 3.953 ;
; enable     ; q[1]        ;       ; 3.860 ; 3.860 ;       ;
; enable     ; q[2]        ; 3.799 ;       ;       ; 3.799 ;
; enable     ; q[3]        ;       ; 3.889 ; 3.889 ;       ;
+------------+-------------+-------+-------+-------+-------+


+-------------------------------------------------------------------+
; Setup Transfers                                                   ;
+------------+----------+----------+----------+----------+----------+
; From Clock ; To Clock ; RR Paths ; FR Paths ; RF Paths ; FF Paths ;
+------------+----------+----------+----------+----------+----------+
; areset     ; areset   ; 0        ; 0        ; 4        ; 8        ;
; clk        ; areset   ; 0        ; 0        ; 4        ; 0        ;
; areset     ; clk      ; 11       ; 26       ; 0        ; 0        ;
; clk        ; clk      ; 11       ; 0        ; 0        ; 0        ;
+------------+----------+----------+----------+----------+----------+
Entries labeled "false path" only account for clock-to-clock false paths and not path-based false paths. As a result, actual path counts may be lower than reported.


+-------------------------------------------------------------------+
; Hold Transfers                                                    ;
+------------+----------+----------+----------+----------+----------+
; From Clock ; To Clock ; RR Paths ; FR Paths ; RF Paths ; FF Paths ;
+------------+----------+----------+----------+----------+----------+
; areset     ; areset   ; 0        ; 0        ; 4        ; 8        ;
; clk        ; areset   ; 0        ; 0        ; 4        ; 0        ;
; areset     ; clk      ; 11       ; 26       ; 0        ; 0        ;
; clk        ; clk      ; 11       ; 0        ; 0        ; 0        ;
+------------+----------+----------+----------+----------+----------+
Entries labeled "false path" only account for clock-to-clock false paths and not path-based false paths. As a result, actual path counts may be lower than reported.


+-------------------------------------------------------------------+
; Recovery Transfers                                                ;
+------------+----------+----------+----------+----------+----------+
; From Clock ; To Clock ; RR Paths ; FR Paths ; RF Paths ; FF Paths ;
+------------+----------+----------+----------+----------+----------+
; areset     ; clk      ; 4        ; 4        ; 0        ; 0        ;
+------------+----------+----------+----------+----------+----------+
Entries labeled "false path" only account for clock-to-clock false paths and not path-based false paths. As a result, actual path counts may be lower than reported.


+-------------------------------------------------------------------+
; Removal Transfers                                                 ;
+------------+----------+----------+----------+----------+----------+
; From Clock ; To Clock ; RR Paths ; FR Paths ; RF Paths ; FF Paths ;
+------------+----------+----------+----------+----------+----------+
; areset     ; clk      ; 4        ; 4        ; 0        ; 0        ;
+------------+----------+----------+----------+----------+----------+
Entries labeled "false path" only account for clock-to-clock false paths and not path-based false paths. As a result, actual path counts may be lower than reported.


---------------
; Report TCCS ;
---------------
No dedicated SERDES Transmitter circuitry present in device or used in design


---------------
; Report RSKM ;
---------------
No dedicated SERDES Receiver circuitry present in device or used in design


+------------------------------------------------+
; Unconstrained Paths                            ;
+---------------------------------+-------+------+
; Property                        ; Setup ; Hold ;
+---------------------------------+-------+------+
; Illegal Clocks                  ; 0     ; 0    ;
; Unconstrained Clocks            ; 0     ; 0    ;
; Unconstrained Input Ports       ; 3     ; 3    ;
; Unconstrained Input Port Paths  ; 19    ; 19   ;
; Unconstrained Output Ports      ; 4     ; 4    ;
; Unconstrained Output Port Paths ; 16    ; 16   ;
+---------------------------------+-------+------+


+------------------------------------+
; TimeQuest Timing Analyzer Messages ;
+------------------------------------+
Info: *******************************************************************
Info: Running Quartus II 64-Bit TimeQuest Timing Analyzer
    Info: Version 13.0.1 Build 232 06/12/2013 Service Pack 1 SJ Web Edition
    Info: Processing started: Thu Jan 27 16:48:49 2022
Info: Command: quartus_sta downcounter2 -c downcounter2
Info: qsta_default_script.tcl version: #1
Warning (20028): Parallel compilation is not licensed and has been disabled
Info (21077): Low junction temperature is -40 degrees C
Info (21077): High junction temperature is 125 degrees C
Warning (335093): TimeQuest Timing Analyzer is analyzing 4 combinational loops as latches.
Critical Warning (332012): Synopsys Design Constraints File file not found: 'downcounter2.sdc'. A Synopsys Design Constraints File is required by the TimeQuest Timing Analyzer to get proper timing constraints. Without it, the Compiler will not properly optimize the design.
Info (332142): No user constrained base clocks found in the design. Calling "derive_clocks -period 1.0"
Info (332105): Deriving Clocks
    Info (332105): create_clock -period 1.000 -name clk clk
    Info (332105): create_clock -period 1.000 -name areset areset
Warning (332125): Found combinational loop of 4 nodes
    Warning (332126): Node "cnt~3|combout"
    Warning (332126): Node "q[3]~14|dataa"
    Warning (332126): Node "q[3]~14|combout"
    Warning (332126): Node "cnt~3|datac"
Warning (332125): Found combinational loop of 4 nodes
    Warning (332126): Node "cnt~2|combout"
    Warning (332126): Node "q[2]~10|dataa"
    Warning (332126): Node "q[2]~10|combout"
    Warning (332126): Node "cnt~2|datab"
Warning (332125): Found combinational loop of 4 nodes
    Warning (332126): Node "cnt~1|combout"
    Warning (332126): Node "q[1]~6|dataa"
    Warning (332126): Node "q[1]~6|combout"
    Warning (332126): Node "cnt~1|datad"
Warning (332125): Found combinational loop of 4 nodes
    Warning (332126): Node "q[0]~2|combout"
    Warning (332126): Node "cnt~0|datad"
    Warning (332126): Node "cnt~0|combout"
    Warning (332126): Node "q[0]~2|dataa"
Info: Found TIMEQUEST_REPORT_SCRIPT_INCLUDE_DEFAULT_ANALYSIS = ON
Info: Analyzing Slow Model
Critical Warning (332148): Timing requirements not met
Info (332146): Worst-case setup slack is -3.672
    Info (332119):     Slack End Point TNS Clock 
    Info (332119): ========= ============= =====================
    Info (332119):    -3.672       -13.457 areset 
    Info (332119):    -2.213        -7.507 clk 
Info (332146): Worst-case hold slack is 0.078
    Info (332119):     Slack End Point TNS Clock 
    Info (332119): ========= ============= =====================
    Info (332119):     0.078         0.000 clk 
    Info (332119):     0.177         0.000 areset 
Info (332146): Worst-case recovery slack is -0.202
    Info (332119):     Slack End Point TNS Clock 
    Info (332119): ========= ============= =====================
    Info (332119):    -0.202        -0.788 clk 
Info (332146): Worst-case removal slack is 0.416
    Info (332119):     Slack End Point TNS Clock 
    Info (332119): ========= ============= =====================
    Info (332119):     0.416         0.000 clk 
Info (332146): Worst-case minimum pulse width slack is -1.941
    Info (332119):     Slack End Point TNS Clock 
    Info (332119): ========= ============= =====================
    Info (332119):    -1.941        -7.877 clk 
    Info (332119):    -1.941        -1.941 areset 
Info (332001): The selected device family is not supported by the report_metastability command.
Info: Analyzing Fast Model
Critical Warning (332148): Timing requirements not met
Info (332146): Worst-case setup slack is -0.832
    Info (332119):     Slack End Point TNS Clock 
    Info (332119): ========= ============= =====================
    Info (332119):    -0.832        -3.015 areset 
    Info (332119):    -0.165        -0.254 clk 
Info (332146): Worst-case hold slack is -0.587
    Info (332119):     Slack End Point TNS Clock 
    Info (332119): ========= ============= =====================
    Info (332119):    -0.587        -2.285 clk 
    Info (332119):    -0.388        -1.216 areset 
Info (332146): Worst-case recovery slack is 0.257
    Info (332119):     Slack End Point TNS Clock 
    Info (332119): ========= ============= =====================
    Info (332119):     0.257         0.000 clk 
Info (332146): Worst-case removal slack is 0.110
    Info (332119):     Slack End Point TNS Clock 
    Info (332119): ========= ============= =====================
    Info (332119):     0.110         0.000 clk 
Info (332146): Worst-case minimum pulse width slack is -1.380
    Info (332119):     Slack End Point TNS Clock 
    Info (332119): ========= ============= =====================
    Info (332119):    -1.380        -5.380 clk 
    Info (332119):    -1.380        -1.380 areset 
Info (332001): The selected device family is not supported by the report_metastability command.
Info (332102): Design is not fully constrained for setup requirements
Info (332102): Design is not fully constrained for hold requirements
Info: Quartus II 64-Bit TimeQuest Timing Analyzer was successful. 0 errors, 25 warnings
    Info: Peak virtual memory: 4542 megabytes
    Info: Processing ended: Thu Jan 27 16:48:51 2022
    Info: Elapsed time: 00:00:02
    Info: Total CPU time (on all processors): 00:00:01


