------------------------------------------------------------
TimeQuest Timing Analyzer Summary
------------------------------------------------------------

Type  : Slow Model Setup 'areset'
Slack : -3.672
TNS   : -13.457

Type  : Slow Model Setup 'clk'
Slack : -2.213
TNS   : -7.507

Type  : Slow Model Hold 'clk'
Slack : 0.078
TNS   : 0.000

Type  : Slow Model Hold 'areset'
Slack : 0.177
TNS   : 0.000

Type  : Slow Model Recovery 'clk'
Slack : -0.202
TNS   : -0.788

Type  : Slow Model Removal 'clk'
Slack : 0.416
TNS   : 0.000

Type  : Slow Model Minimum Pulse Width 'clk'
Slack : -1.941
TNS   : -7.877

Type  : Slow Model Minimum Pulse Width 'areset'
Slack : -1.941
TNS   : -1.941

Type  : Fast Model Setup 'areset'
Slack : -0.832
TNS   : -3.015

Type  : Fast Model Setup 'clk'
Slack : -0.165
TNS   : -0.254

Type  : Fast Model Hold 'clk'
Slack : -0.587
TNS   : -2.285

Type  : Fast Model Hold 'areset'
Slack : -0.388
TNS   : -1.216

Type  : Fast Model Recovery 'clk'
Slack : 0.257
TNS   : 0.000

Type  : Fast Model Removal 'clk'
Slack : 0.110
TNS   : 0.000

Type  : Fast Model Minimum Pulse Width 'clk'
Slack : -1.380
TNS   : -5.380

Type  : Fast Model Minimum Pulse Width 'areset'
Slack : -1.380
TNS   : -1.380

------------------------------------------------------------
