------------------------------------------------------------
TimeQuest Timing Analyzer Summary
------------------------------------------------------------

Type  : Slow Model Setup 'reset'
Slack : -3.841
TNS   : -15.094

Type  : Slow Model Setup 'rst_on'
Slack : -3.675
TNS   : -14.193

Type  : Slow Model Setup 'clk'
Slack : -2.157
TNS   : -16.284

Type  : Slow Model Hold 'clk'
Slack : 0.372
TNS   : 0.000

Type  : Slow Model Hold 'rst_on'
Slack : 0.450
TNS   : 0.000

Type  : Slow Model Hold 'reset'
Slack : 0.888
TNS   : 0.000

Type  : Slow Model Recovery 'clk'
Slack : -0.198
TNS   : -1.535

Type  : Slow Model Removal 'clk'
Slack : 0.409
TNS   : 0.000

Type  : Slow Model Minimum Pulse Width 'clk'
Slack : -1.941
TNS   : -13.813

Type  : Slow Model Minimum Pulse Width 'reset'
Slack : -1.941
TNS   : -1.941

Type  : Slow Model Minimum Pulse Width 'rst_on'
Slack : -1.941
TNS   : -1.941

Type  : Fast Model Setup 'reset'
Slack : -0.902
TNS   : -3.545

Type  : Fast Model Setup 'rst_on'
Slack : -0.842
TNS   : -3.254

Type  : Fast Model Setup 'clk'
Slack : -0.169
TNS   : -0.821

Type  : Fast Model Hold 'clk'
Slack : -0.498
TNS   : -3.645

Type  : Fast Model Hold 'rst_on'
Slack : -0.307
TNS   : -0.946

Type  : Fast Model Hold 'reset'
Slack : -0.173
TNS   : -0.550

Type  : Fast Model Recovery 'clk'
Slack : 0.261
TNS   : 0.000

Type  : Fast Model Removal 'clk'
Slack : 0.108
TNS   : 0.000

Type  : Fast Model Minimum Pulse Width 'clk'
Slack : -1.380
TNS   : -9.380

Type  : Fast Model Minimum Pulse Width 'reset'
Slack : -1.380
TNS   : -1.380

Type  : Fast Model Minimum Pulse Width 'rst_on'
Slack : -1.380
TNS   : -1.380

------------------------------------------------------------
